// Jest Snapshot v1, https://goo.gl/fbAQLP

exports[`HomePage component should match snapshot 1`] = `
<div>
  <div
    class="container flex flex-col justify-between"
  >
    <div
      class="pt-15"
    >
      <article
        class="block antialiased font-sans text-base font-light leading-relaxed text-inherit"
      >
        <h1
          class="text-4xl text-center pb-10"
        >
          Нормальні форми ДФС
        </h1>
        <p
          class="pt-5"
        >
          Цей проект присвячиний для того щоб дати можливість працювати з формами які ДФС України надає у XML форматах.
        </p>
        <p
          class="pt-5"
        >
          Якщо у вас колись виникали складнощі в перенесені данних з форм які надає ДФС до табличних редакторів. Ласкаво просимо.
        </p>
        <p
          class="pt-5"
        >
          Список форм/звітів які підтримуються можна подивитись на сторінці
           
          <a
            class="underline"
            href="/forms"
          >
            форм
          </a>
        </p>
        <p
          class="pt-5"
        >
          Усі данні обробляються 
          <i>
            у вас в браузері
          </i>
          . Цей проект не зберігає жодних данних на стороні сервера.
        </p>
        <p
          class="pt-5"
        >
          На поекті використувється система Google Analitics та їх cookie ідентифікатори.
        </p>
      </article>
    </div>
  </div>
</div>
`;
